  Determining projects to restore...
  All projects are up-to-date for restore.
D:\FlightSupervisor\FlightSupervisor.UI\Services\ProfileManager.cs(13,49): warning CS8625: Cannot convert null literal to non-nullable reference type. [D:\FlightSupervisor\FlightSupervisor.UI\FlightSupervisor.UI.csproj]
D:\FlightSupervisor\FlightSupervisor.UI\Services\WeatherBriefingService.cs(13,63): warning CS8625: Cannot convert null literal to non-nullable reference type. [D:\FlightSupervisor\FlightSupervisor.UI\FlightSupervisor.UI.csproj]
D:\FlightSupervisor\FlightSupervisor.UI\Services\AchievementEngine.cs(18,23): warning CS8618: Non-nullable property 'Id' must contain a non-null value when exiting constructor. Consider adding the 'required' modifier or declaring the property as nullable. [D:\FlightSupervisor\FlightSupervisor.UI\FlightSupervisor.UI.csproj]
D:\FlightSupervisor\FlightSupervisor.UI\Services\AchievementEngine.cs(19,23): warning CS8618: Non-nullable property 'Title' must contain a non-null value when exiting constructor. Consider adding the 'required' modifier or declaring the property as nullable. [D:\FlightSupervisor\FlightSupervisor.UI\FlightSupervisor.UI.csproj]
D:\FlightSupervisor\FlightSupervisor.UI\Services\AchievementEngine.cs(20,23): warning CS8618: Non-nullable property 'Description' must contain a non-null value when exiting constructor. Consider adding the 'required' modifier or declaring the property as nullable. [D:\FlightSupervisor\FlightSupervisor.UI\FlightSupervisor.UI.csproj]
D:\FlightSupervisor\FlightSupervisor.UI\Services\AchievementEngine.cs(22,23): warning CS8618: Non-nullable property 'Icon' must contain a non-null value when exiting constructor. Consider adding the 'required' modifier or declaring the property as nullable. [D:\FlightSupervisor\FlightSupervisor.UI\FlightSupervisor.UI.csproj]
D:\FlightSupervisor\FlightSupervisor.UI\Services\AchievementEngine.cs(23,23): warning CS8618: Non-nullable property 'ColorClass' must contain a non-null value when exiting constructor. Consider adding the 'required' modifier or declaring the property as nullable. [D:\FlightSupervisor\FlightSupervisor.UI\FlightSupervisor.UI.csproj]
D:\FlightSupervisor\FlightSupervisor.UI\Models\FlightArchive.cs(24,23): warning CS8618: Non-nullable property 'Dep' must contain a non-null value when exiting constructor. Consider adding the 'required' modifier or declaring the property as nullable. [D:\FlightSupervisor\FlightSupervisor.UI\FlightSupervisor.UI.csproj]
D:\FlightSupervisor\FlightSupervisor.UI\Models\FlightArchive.cs(25,23): warning CS8618: Non-nullable property 'Arr' must contain a non-null value when exiting constructor. Consider adding the 'required' modifier or declaring the property as nullable. [D:\FlightSupervisor\FlightSupervisor.UI\FlightSupervisor.UI.csproj]
D:\FlightSupervisor\FlightSupervisor.UI\Models\FlightArchive.cs(26,23): warning CS8618: Non-nullable property 'FlightNo' must contain a non-null value when exiting constructor. Consider adding the 'required' modifier or declaring the property as nullable. [D:\FlightSupervisor\FlightSupervisor.UI\FlightSupervisor.UI.csproj]
D:\FlightSupervisor\FlightSupervisor.UI\Models\FlightArchive.cs(27,23): warning CS8618: Non-nullable property 'Airline' must contain a non-null value when exiting constructor. Consider adding the 'required' modifier or declaring the property as nullable. [D:\FlightSupervisor\FlightSupervisor.UI\FlightSupervisor.UI.csproj]
D:\FlightSupervisor\FlightSupervisor.UI\Models\FlightArchive.cs(35,23): warning CS8618: Non-nullable property 'Zfw' must contain a non-null value when exiting constructor. Consider adding the 'required' modifier or declaring the property as nullable. [D:\FlightSupervisor\FlightSupervisor.UI\FlightSupervisor.UI.csproj]
D:\FlightSupervisor\FlightSupervisor.UI\Models\FlightArchive.cs(36,23): warning CS8618: Non-nullable property 'Tow' must contain a non-null value when exiting constructor. Consider adding the 'required' modifier or declaring the property as nullable. [D:\FlightSupervisor\FlightSupervisor.UI\FlightSupervisor.UI.csproj]
D:\FlightSupervisor\FlightSupervisor.UI\Models\FlightArchive.cs(37,23): warning CS8618: Non-nullable property 'BlockFuel' must contain a non-null value when exiting constructor. Consider adding the 'required' modifier or declaring the property as nullable. [D:\FlightSupervisor\FlightSupervisor.UI\FlightSupervisor.UI.csproj]
D:\FlightSupervisor\FlightSupervisor.UI\Services\PassengerManifestService.cs(10,23): warning CS8618: Non-nullable property 'Name' must contain a non-null value when exiting constructor. Consider adding the 'required' modifier or declaring the property as nullable. [D:\FlightSupervisor\FlightSupervisor.UI\FlightSupervisor.UI.csproj]
D:\FlightSupervisor\FlightSupervisor.UI\Services\PassengerManifestService.cs(11,23): warning CS8618: Non-nullable property 'Role' must contain a non-null value when exiting constructor. Consider adding the 'required' modifier or declaring the property as nullable. [D:\FlightSupervisor\FlightSupervisor.UI\FlightSupervisor.UI.csproj]
D:\FlightSupervisor\FlightSupervisor.UI\Services\PassengerManifestService.cs(16,23): warning CS8618: Non-nullable property 'Name' must contain a non-null value when exiting constructor. Consider adding the 'required' modifier or declaring the property as nullable. [D:\FlightSupervisor\FlightSupervisor.UI\FlightSupervisor.UI.csproj]
D:\FlightSupervisor\FlightSupervisor.UI\Services\PassengerManifestService.cs(17,23): warning CS8618: Non-nullable property 'Seat' must contain a non-null value when exiting constructor. Consider adding the 'required' modifier or declaring the property as nullable. [D:\FlightSupervisor\FlightSupervisor.UI\FlightSupervisor.UI.csproj]
D:\FlightSupervisor\FlightSupervisor.UI\Services\PassengerManifestService.cs(18,23): warning CS8618: Non-nullable property 'Nationality' must contain a non-null value when exiting constructor. Consider adding the 'required' modifier or declaring the property as nullable. [D:\FlightSupervisor\FlightSupervisor.UI\FlightSupervisor.UI.csproj]
D:\FlightSupervisor\FlightSupervisor.UI\Services\ProfileManager.cs(13,16): warning CS8618: Non-nullable property 'CurrentProfile' must contain a non-null value when exiting constructor. Consider adding the 'required' modifier or declaring the property as nullable. [D:\FlightSupervisor\FlightSupervisor.UI\FlightSupervisor.UI.csproj]
D:\FlightSupervisor\FlightSupervisor.UI\Services\AirlineProfileManager.cs(144,36): warning CS8600: Converting null literal or possible null value to non-nullable type. [D:\FlightSupervisor\FlightSupervisor.UI\FlightSupervisor.UI.csproj]
D:\FlightSupervisor\FlightSupervisor.UI\Services\PanelServerService.cs(15,30): warning CS8618: Non-nullable field '_listener' must contain a non-null value when exiting constructor. Consider adding the 'required' modifier or declaring the field as nullable. [D:\FlightSupervisor\FlightSupervisor.UI\FlightSupervisor.UI.csproj]
D:\FlightSupervisor\FlightSupervisor.UI\Services\PanelServerService.cs(16,24): warning CS8618: Non-nullable field '_serverThread' must contain a non-null value when exiting constructor. Consider adding the 'required' modifier or declaring the field as nullable. [D:\FlightSupervisor\FlightSupervisor.UI\FlightSupervisor.UI.csproj]
D:\FlightSupervisor\FlightSupervisor.UI\Services\WeatherBriefingService.cs(29,30): warning CS8600: Converting null literal or possible null value to non-nullable type. [D:\FlightSupervisor\FlightSupervisor.UI\FlightSupervisor.UI.csproj]
D:\FlightSupervisor\FlightSupervisor.UI\Services\WeatherBriefingService.cs(30,30): warning CS8600: Converting null literal or possible null value to non-nullable type. [D:\FlightSupervisor\FlightSupervisor.UI\FlightSupervisor.UI.csproj]
D:\FlightSupervisor\FlightSupervisor.UI\Services\WeatherBriefingService.cs(126,56): warning CS8604: Possible null reference argument for parameter 'planHtml' in 'string WeatherBriefingService.AnalyzeNotamAlerts(string planHtml, string icao)'. [D:\FlightSupervisor\FlightSupervisor.UI\FlightSupervisor.UI.csproj]
D:\FlightSupervisor\FlightSupervisor.UI\Services\WeatherBriefingService.cs(144,56): warning CS8604: Possible null reference argument for parameter 'planHtml' in 'string WeatherBriefingService.AnalyzeNotamAlerts(string planHtml, string icao)'. [D:\FlightSupervisor\FlightSupervisor.UI\FlightSupervisor.UI.csproj]
D:\FlightSupervisor\FlightSupervisor.UI\Services\CabinManager.cs(355,44): error CS0117: 'CabinState' does not contain a definition for 'CruiseIdle' [D:\FlightSupervisor\FlightSupervisor.UI\FlightSupervisor.UI.csproj]
D:\FlightSupervisor\FlightSupervisor.UI\MainWindow.xaml.cs(127,100): warning CS8602: Dereference of a possibly null reference. [D:\FlightSupervisor\FlightSupervisor.UI\FlightSupervisor.UI.csproj]
D:\FlightSupervisor\FlightSupervisor.UI\MainWindow.xaml.cs(132,70): warning CS8602: Dereference of a possibly null reference. [D:\FlightSupervisor\FlightSupervisor.UI\FlightSupervisor.UI.csproj]
D:\FlightSupervisor\FlightSupervisor.UI\MainWindow.xaml.cs(135,21): warning CS8602: Dereference of a possibly null reference. [D:\FlightSupervisor\FlightSupervisor.UI\FlightSupervisor.UI.csproj]
D:\FlightSupervisor\FlightSupervisor.UI\MainWindow.xaml.cs(148,36): warning CS8602: Dereference of a possibly null reference. [D:\FlightSupervisor\FlightSupervisor.UI\FlightSupervisor.UI.csproj]
D:\FlightSupervisor\FlightSupervisor.UI\MainWindow.xaml.cs(155,33): warning CS8602: Dereference of a possibly null reference. [D:\FlightSupervisor\FlightSupervisor.UI\FlightSupervisor.UI.csproj]
D:\FlightSupervisor\FlightSupervisor.UI\MainWindow.xaml.cs(207,33): warning CS8602: Dereference of a possibly null reference. [D:\FlightSupervisor\FlightSupervisor.UI\FlightSupervisor.UI.csproj]
D:\FlightSupervisor\FlightSupervisor.UI\MainWindow.xaml.cs(211,33): warning CS8602: Dereference of a possibly null reference. [D:\FlightSupervisor\FlightSupervisor.UI\FlightSupervisor.UI.csproj]
D:\FlightSupervisor\FlightSupervisor.UI\MainWindow.xaml.cs(215,33): warning CS8602: Dereference of a possibly null reference. [D:\FlightSupervisor\FlightSupervisor.UI\FlightSupervisor.UI.csproj]
D:\FlightSupervisor\FlightSupervisor.UI\MainWindow.xaml.cs(224,29): warning CS8602: Dereference of a possibly null reference. [D:\FlightSupervisor\FlightSupervisor.UI\FlightSupervisor.UI.csproj]
D:\FlightSupervisor\FlightSupervisor.UI\MainWindow.xaml.cs(235,81): warning CS8604: Possible null reference argument for parameter 'airline' in 'List<ObjectiveResult> SuperScoreManager.EvaluateObjectives(AirlineProfile airline, long delaySec, int comfort, double touchdownFpm, bool performedCatering)'. [D:\FlightSupervisor\FlightSupervisor.UI\FlightSupervisor.UI.csproj]
D:\FlightSupervisor\FlightSupervisor.UI\MainWindow.xaml.cs(488,23): warning CS8622: Nullability of reference types in type of parameter 'sender' of 'void MainWindow.MainWindow_Closed(object sender, EventArgs e)' doesn't match the target delegate 'EventHandler' (possibly because of nullability attributes). [D:\FlightSupervisor\FlightSupervisor.UI\FlightSupervisor.UI.csproj]
D:\FlightSupervisor\FlightSupervisor.UI\MainWindow.xaml.cs(500,60): warning CS8622: Nullability of reference types in type of parameter 'sender' of 'void MainWindow.CoreWebView2_WebMessageReceived(object sender, CoreWebView2WebMessageReceivedEventArgs e)' doesn't match the target delegate 'EventHandler<CoreWebView2WebMessageReceivedEventArgs>' (possibly because of nullability attributes). [D:\FlightSupervisor\FlightSupervisor.UI\FlightSupervisor.UI.csproj]
D:\FlightSupervisor\FlightSupervisor.UI\MainWindow.xaml.cs(557,88): warning CS8601: Possible null reference assignment. [D:\FlightSupervisor\FlightSupervisor.UI\FlightSupervisor.UI.csproj]
D:\FlightSupervisor\FlightSupervisor.UI\MainWindow.xaml.cs(558,100): warning CS8601: Possible null reference assignment. [D:\FlightSupervisor\FlightSupervisor.UI\FlightSupervisor.UI.csproj]
D:\FlightSupervisor\FlightSupervisor.UI\MainWindow.xaml.cs(560,45): warning CS8602: Dereference of a possibly null reference. [D:\FlightSupervisor\FlightSupervisor.UI\FlightSupervisor.UI.csproj]
D:\FlightSupervisor\FlightSupervisor.UI\MainWindow.xaml.cs(564,96): warning CS8601: Possible null reference assignment. [D:\FlightSupervisor\FlightSupervisor.UI\FlightSupervisor.UI.csproj]
D:\FlightSupervisor\FlightSupervisor.UI\MainWindow.xaml.cs(565,94): warning CS8601: Possible null reference assignment. [D:\FlightSupervisor\FlightSupervisor.UI\FlightSupervisor.UI.csproj]
D:\FlightSupervisor\FlightSupervisor.UI\MainWindow.xaml.cs(585,57): warning CS8604: Possible null reference argument for parameter 'id' in 'GroundEvent? GroundEventEngine.GetEventById(string id)'. [D:\FlightSupervisor\FlightSupervisor.UI\FlightSupervisor.UI.csproj]
D:\FlightSupervisor\FlightSupervisor.UI\MainWindow.xaml.cs(706,51): warning CS8604: Possible null reference argument for parameter 'name' in 'void GroundOpsManager.SkipService(string name)'. [D:\FlightSupervisor\FlightSupervisor.UI\FlightSupervisor.UI.csproj]

Build FAILED.

D:\FlightSupervisor\FlightSupervisor.UI\Services\ProfileManager.cs(13,49): warning CS8625: Cannot convert null literal to non-nullable reference type. [D:\FlightSupervisor\FlightSupervisor.UI\FlightSupervisor.UI.csproj]
D:\FlightSupervisor\FlightSupervisor.UI\Services\WeatherBriefingService.cs(13,63): warning CS8625: Cannot convert null literal to non-nullable reference type. [D:\FlightSupervisor\FlightSupervisor.UI\FlightSupervisor.UI.csproj]
D:\FlightSupervisor\FlightSupervisor.UI\Services\AchievementEngine.cs(18,23): warning CS8618: Non-nullable property 'Id' must contain a non-null value when exiting constructor. Consider adding the 'required' modifier or declaring the property as nullable. [D:\FlightSupervisor\FlightSupervisor.UI\FlightSupervisor.UI.csproj]
D:\FlightSupervisor\FlightSupervisor.UI\Services\AchievementEngine.cs(19,23): warning CS8618: Non-nullable property 'Title' must contain a non-null value when exiting constructor. Consider adding the 'required' modifier or declaring the property as nullable. [D:\FlightSupervisor\FlightSupervisor.UI\FlightSupervisor.UI.csproj]
D:\FlightSupervisor\FlightSupervisor.UI\Services\AchievementEngine.cs(20,23): warning CS8618: Non-nullable property 'Description' must contain a non-null value when exiting constructor. Consider adding the 'required' modifier or declaring the property as nullable. [D:\FlightSupervisor\FlightSupervisor.UI\FlightSupervisor.UI.csproj]
D:\FlightSupervisor\FlightSupervisor.UI\Services\AchievementEngine.cs(22,23): warning CS8618: Non-nullable property 'Icon' must contain a non-null value when exiting constructor. Consider adding the 'required' modifier or declaring the property as nullable. [D:\FlightSupervisor\FlightSupervisor.UI\FlightSupervisor.UI.csproj]
D:\FlightSupervisor\FlightSupervisor.UI\Services\AchievementEngine.cs(23,23): warning CS8618: Non-nullable property 'ColorClass' must contain a non-null value when exiting constructor. Consider adding the 'required' modifier or declaring the property as nullable. [D:\FlightSupervisor\FlightSupervisor.UI\FlightSupervisor.UI.csproj]
D:\FlightSupervisor\FlightSupervisor.UI\Models\FlightArchive.cs(24,23): warning CS8618: Non-nullable property 'Dep' must contain a non-null value when exiting constructor. Consider adding the 'required' modifier or declaring the property as nullable. [D:\FlightSupervisor\FlightSupervisor.UI\FlightSupervisor.UI.csproj]
D:\FlightSupervisor\FlightSupervisor.UI\Models\FlightArchive.cs(25,23): warning CS8618: Non-nullable property 'Arr' must contain a non-null value when exiting constructor. Consider adding the 'required' modifier or declaring the property as nullable. [D:\FlightSupervisor\FlightSupervisor.UI\FlightSupervisor.UI.csproj]
D:\FlightSupervisor\FlightSupervisor.UI\Models\FlightArchive.cs(26,23): warning CS8618: Non-nullable property 'FlightNo' must contain a non-null value when exiting constructor. Consider adding the 'required' modifier or declaring the property as nullable. [D:\FlightSupervisor\FlightSupervisor.UI\FlightSupervisor.UI.csproj]
D:\FlightSupervisor\FlightSupervisor.UI\Models\FlightArchive.cs(27,23): warning CS8618: Non-nullable property 'Airline' must contain a non-null value when exiting constructor. Consider adding the 'required' modifier or declaring the property as nullable. [D:\FlightSupervisor\FlightSupervisor.UI\FlightSupervisor.UI.csproj]
D:\FlightSupervisor\FlightSupervisor.UI\Models\FlightArchive.cs(35,23): warning CS8618: Non-nullable property 'Zfw' must contain a non-null value when exiting constructor. Consider adding the 'required' modifier or declaring the property as nullable. [D:\FlightSupervisor\FlightSupervisor.UI\FlightSupervisor.UI.csproj]
D:\FlightSupervisor\FlightSupervisor.UI\Models\FlightArchive.cs(36,23): warning CS8618: Non-nullable property 'Tow' must contain a non-null value when exiting constructor. Consider adding the 'required' modifier or declaring the property as nullable. [D:\FlightSupervisor\FlightSupervisor.UI\FlightSupervisor.UI.csproj]
D:\FlightSupervisor\FlightSupervisor.UI\Models\FlightArchive.cs(37,23): warning CS8618: Non-nullable property 'BlockFuel' must contain a non-null value when exiting constructor. Consider adding the 'required' modifier or declaring the property as nullable. [D:\FlightSupervisor\FlightSupervisor.UI\FlightSupervisor.UI.csproj]
D:\FlightSupervisor\FlightSupervisor.UI\Services\PassengerManifestService.cs(10,23): warning CS8618: Non-nullable property 'Name' must contain a non-null value when exiting constructor. Consider adding the 'required' modifier or declaring the property as nullable. [D:\FlightSupervisor\FlightSupervisor.UI\FlightSupervisor.UI.csproj]
D:\FlightSupervisor\FlightSupervisor.UI\Services\PassengerManifestService.cs(11,23): warning CS8618: Non-nullable property 'Role' must contain a non-null value when exiting constructor. Consider adding the 'required' modifier or declaring the property as nullable. [D:\FlightSupervisor\FlightSupervisor.UI\FlightSupervisor.UI.csproj]
D:\FlightSupervisor\FlightSupervisor.UI\Services\PassengerManifestService.cs(16,23): warning CS8618: Non-nullable property 'Name' must contain a non-null value when exiting constructor. Consider adding the 'required' modifier or declaring the property as nullable. [D:\FlightSupervisor\FlightSupervisor.UI\FlightSupervisor.UI.csproj]
D:\FlightSupervisor\FlightSupervisor.UI\Services\PassengerManifestService.cs(17,23): warning CS8618: Non-nullable property 'Seat' must contain a non-null value when exiting constructor. Consider adding the 'required' modifier or declaring the property as nullable. [D:\FlightSupervisor\FlightSupervisor.UI\FlightSupervisor.UI.csproj]
D:\FlightSupervisor\FlightSupervisor.UI\Services\PassengerManifestService.cs(18,23): warning CS8618: Non-nullable property 'Nationality' must contain a non-null value when exiting constructor. Consider adding the 'required' modifier or declaring the property as nullable. [D:\FlightSupervisor\FlightSupervisor.UI\FlightSupervisor.UI.csproj]
D:\FlightSupervisor\FlightSupervisor.UI\Services\ProfileManager.cs(13,16): warning CS8618: Non-nullable property 'CurrentProfile' must contain a non-null value when exiting constructor. Consider adding the 'required' modifier or declaring the property as nullable. [D:\FlightSupervisor\FlightSupervisor.UI\FlightSupervisor.UI.csproj]
D:\FlightSupervisor\FlightSupervisor.UI\Services\AirlineProfileManager.cs(144,36): warning CS8600: Converting null literal or possible null value to non-nullable type. [D:\FlightSupervisor\FlightSupervisor.UI\FlightSupervisor.UI.csproj]
D:\FlightSupervisor\FlightSupervisor.UI\Services\PanelServerService.cs(15,30): warning CS8618: Non-nullable field '_listener' must contain a non-null value when exiting constructor. Consider adding the 'required' modifier or declaring the field as nullable. [D:\FlightSupervisor\FlightSupervisor.UI\FlightSupervisor.UI.csproj]
D:\FlightSupervisor\FlightSupervisor.UI\Services\PanelServerService.cs(16,24): warning CS8618: Non-nullable field '_serverThread' must contain a non-null value when exiting constructor. Consider adding the 'required' modifier or declaring the field as nullable. [D:\FlightSupervisor\FlightSupervisor.UI\FlightSupervisor.UI.csproj]
D:\FlightSupervisor\FlightSupervisor.UI\Services\WeatherBriefingService.cs(29,30): warning CS8600: Converting null literal or possible null value to non-nullable type. [D:\FlightSupervisor\FlightSupervisor.UI\FlightSupervisor.UI.csproj]
D:\FlightSupervisor\FlightSupervisor.UI\Services\WeatherBriefingService.cs(30,30): warning CS8600: Converting null literal or possible null value to non-nullable type. [D:\FlightSupervisor\FlightSupervisor.UI\FlightSupervisor.UI.csproj]
D:\FlightSupervisor\FlightSupervisor.UI\Services\WeatherBriefingService.cs(126,56): warning CS8604: Possible null reference argument for parameter 'planHtml' in 'string WeatherBriefingService.AnalyzeNotamAlerts(string planHtml, string icao)'. [D:\FlightSupervisor\FlightSupervisor.UI\FlightSupervisor.UI.csproj]
D:\FlightSupervisor\FlightSupervisor.UI\Services\WeatherBriefingService.cs(144,56): warning CS8604: Possible null reference argument for parameter 'planHtml' in 'string WeatherBriefingService.AnalyzeNotamAlerts(string planHtml, string icao)'. [D:\FlightSupervisor\FlightSupervisor.UI\FlightSupervisor.UI.csproj]
D:\FlightSupervisor\FlightSupervisor.UI\MainWindow.xaml.cs(127,100): warning CS8602: Dereference of a possibly null reference. [D:\FlightSupervisor\FlightSupervisor.UI\FlightSupervisor.UI.csproj]
D:\FlightSupervisor\FlightSupervisor.UI\MainWindow.xaml.cs(132,70): warning CS8602: Dereference of a possibly null reference. [D:\FlightSupervisor\FlightSupervisor.UI\FlightSupervisor.UI.csproj]
D:\FlightSupervisor\FlightSupervisor.UI\MainWindow.xaml.cs(135,21): warning CS8602: Dereference of a possibly null reference. [D:\FlightSupervisor\FlightSupervisor.UI\FlightSupervisor.UI.csproj]
D:\FlightSupervisor\FlightSupervisor.UI\MainWindow.xaml.cs(148,36): warning CS8602: Dereference of a possibly null reference. [D:\FlightSupervisor\FlightSupervisor.UI\FlightSupervisor.UI.csproj]
D:\FlightSupervisor\FlightSupervisor.UI\MainWindow.xaml.cs(155,33): warning CS8602: Dereference of a possibly null reference. [D:\FlightSupervisor\FlightSupervisor.UI\FlightSupervisor.UI.csproj]
D:\FlightSupervisor\FlightSupervisor.UI\MainWindow.xaml.cs(207,33): warning CS8602: Dereference of a possibly null reference. [D:\FlightSupervisor\FlightSupervisor.UI\FlightSupervisor.UI.csproj]
D:\FlightSupervisor\FlightSupervisor.UI\MainWindow.xaml.cs(211,33): warning CS8602: Dereference of a possibly null reference. [D:\FlightSupervisor\FlightSupervisor.UI\FlightSupervisor.UI.csproj]
D:\FlightSupervisor\FlightSupervisor.UI\MainWindow.xaml.cs(215,33): warning CS8602: Dereference of a possibly null reference. [D:\FlightSupervisor\FlightSupervisor.UI\FlightSupervisor.UI.csproj]
D:\FlightSupervisor\FlightSupervisor.UI\MainWindow.xaml.cs(224,29): warning CS8602: Dereference of a possibly null reference. [D:\FlightSupervisor\FlightSupervisor.UI\FlightSupervisor.UI.csproj]
D:\FlightSupervisor\FlightSupervisor.UI\MainWindow.xaml.cs(235,81): warning CS8604: Possible null reference argument for parameter 'airline' in 'List<ObjectiveResult> SuperScoreManager.EvaluateObjectives(AirlineProfile airline, long delaySec, int comfort, double touchdownFpm, bool performedCatering)'. [D:\FlightSupervisor\FlightSupervisor.UI\FlightSupervisor.UI.csproj]
D:\FlightSupervisor\FlightSupervisor.UI\MainWindow.xaml.cs(488,23): warning CS8622: Nullability of reference types in type of parameter 'sender' of 'void MainWindow.MainWindow_Closed(object sender, EventArgs e)' doesn't match the target delegate 'EventHandler' (possibly because of nullability attributes). [D:\FlightSupervisor\FlightSupervisor.UI\FlightSupervisor.UI.csproj]
D:\FlightSupervisor\FlightSupervisor.UI\MainWindow.xaml.cs(500,60): warning CS8622: Nullability of reference types in type of parameter 'sender' of 'void MainWindow.CoreWebView2_WebMessageReceived(object sender, CoreWebView2WebMessageReceivedEventArgs e)' doesn't match the target delegate 'EventHandler<CoreWebView2WebMessageReceivedEventArgs>' (possibly because of nullability attributes). [D:\FlightSupervisor\FlightSupervisor.UI\FlightSupervisor.UI.csproj]
D:\FlightSupervisor\FlightSupervisor.UI\MainWindow.xaml.cs(557,88): warning CS8601: Possible null reference assignment. [D:\FlightSupervisor\FlightSupervisor.UI\FlightSupervisor.UI.csproj]
D:\FlightSupervisor\FlightSupervisor.UI\MainWindow.xaml.cs(558,100): warning CS8601: Possible null reference assignment. [D:\FlightSupervisor\FlightSupervisor.UI\FlightSupervisor.UI.csproj]
D:\FlightSupervisor\FlightSupervisor.UI\MainWindow.xaml.cs(560,45): warning CS8602: Dereference of a possibly null reference. [D:\FlightSupervisor\FlightSupervisor.UI\FlightSupervisor.UI.csproj]
D:\FlightSupervisor\FlightSupervisor.UI\MainWindow.xaml.cs(564,96): warning CS8601: Possible null reference assignment. [D:\FlightSupervisor\FlightSupervisor.UI\FlightSupervisor.UI.csproj]
D:\FlightSupervisor\FlightSupervisor.UI\MainWindow.xaml.cs(565,94): warning CS8601: Possible null reference assignment. [D:\FlightSupervisor\FlightSupervisor.UI\FlightSupervisor.UI.csproj]
D:\FlightSupervisor\FlightSupervisor.UI\MainWindow.xaml.cs(585,57): warning CS8604: Possible null reference argument for parameter 'id' in 'GroundEvent? GroundEventEngine.GetEventById(string id)'. [D:\FlightSupervisor\FlightSupervisor.UI\FlightSupervisor.UI.csproj]
D:\FlightSupervisor\FlightSupervisor.UI\MainWindow.xaml.cs(706,51): warning CS8604: Possible null reference argument for parameter 'name' in 'void GroundOpsManager.SkipService(string name)'. [D:\FlightSupervisor\FlightSupervisor.UI\FlightSupervisor.UI.csproj]
D:\FlightSupervisor\FlightSupervisor.UI\Services\CabinManager.cs(355,44): error CS0117: 'CabinState' does not contain a definition for 'CruiseIdle' [D:\FlightSupervisor\FlightSupervisor.UI\FlightSupervisor.UI.csproj]
    46 Warning(s)
    1 Error(s)

Time Elapsed 00:00:01.79
